// Jest Snapshot v1, https://goo.gl/fbAQLP

exports[`getLayoutContent genRenderRightContent 1`] = `
"import React from 'react';
  import { Avatar, Dropdown, Menu, Spin } from 'antd';
  import { SelectLang } from 'umi';
  import { LogoutOutlined } from '@ant-design/icons';
  import { ILayoutRuntimeConfig } from '../types/interface.d';

  export default function renderRightContent(
    runtimeLayout: ILayoutRuntimeConfig,
    loading: boolean,
    initialState: any,
    setInitialState: any,
  ) {
    if (runtimeLayout.rightRender) {
      return runtimeLayout.rightRender(
        initialState,
        setInitialState,
        runtimeLayout,
      );
    }

    const menu = (
      <Menu className=\\"umi-plugin-layout-menu\\">
        <Menu.Item
          key=\\"logout\\"
          onClick={() =>
            runtimeLayout.logout && runtimeLayout?.logout(initialState)
          }
        >
          <LogoutOutlined />
          退出登录
        </Menu.Item>
      </Menu>
    );

    const avatar = (
      <span className=\\"umi-plugin-layout-action\\">
        <Avatar
          size=\\"small\\"
          className=\\"umi-plugin-layout-avatar\\"
          src={
            initialState?.avatar ||
            'https://gw.alipayobjects.com/zos/antfincdn/XAosXuNZyF/BiazfanxmamNRoxxVxka.png'
          }
          alt=\\"avatar\\"
        />
        <span className=\\"umi-plugin-layout-name\\">{initialState?.name}</span>
      </span>
    );

    if (loading) {
      return (
        <div className=\\"umi-plugin-layout-right\\">
          <Spin size=\\"small\\" style={{ marginLeft: 8, marginRight: 8 }} />
        </div>
      );
    }

    return (
      <div className=\\"umi-plugin-layout-right anticon\\">
        {runtimeLayout.logout ? (
          <Dropdown overlay={menu} overlayClassName=\\"umi-plugin-layout-container\\">
            {avatar}
          </Dropdown>
        ) : (
          avatar
        )}
        {SelectLang && <SelectLang />}
      </div>
    );
  }
  "
`;

exports[`getLayoutContent genRenderRightContent initialState=false 1`] = `
"export default function renderRightContent() {
    return null;
  }
  "
`;

exports[`getLayoutContent genRenderRightContent locale=false 1`] = `
"import React from 'react';
  import { Avatar, Dropdown, Menu, Spin } from 'antd';
  
  import { LogoutOutlined } from '@ant-design/icons';
  import { ILayoutRuntimeConfig } from '../types/interface.d';

  export default function renderRightContent(
    runtimeLayout: ILayoutRuntimeConfig,
    loading: boolean,
    initialState: any,
    setInitialState: any,
  ) {
    if (runtimeLayout.rightRender) {
      return runtimeLayout.rightRender(
        initialState,
        setInitialState,
        runtimeLayout,
      );
    }

    const menu = (
      <Menu className=\\"umi-plugin-layout-menu\\">
        <Menu.Item
          key=\\"logout\\"
          onClick={() =>
            runtimeLayout.logout && runtimeLayout?.logout(initialState)
          }
        >
          <LogoutOutlined />
          退出登录
        </Menu.Item>
      </Menu>
    );

    const avatar = (
      <span className=\\"umi-plugin-layout-action\\">
        <Avatar
          size=\\"small\\"
          className=\\"umi-plugin-layout-avatar\\"
          src={
            initialState?.avatar ||
            'https://gw.alipayobjects.com/zos/antfincdn/XAosXuNZyF/BiazfanxmamNRoxxVxka.png'
          }
          alt=\\"avatar\\"
        />
        <span className=\\"umi-plugin-layout-name\\">{initialState?.name}</span>
      </span>
    );

    if (loading) {
      return (
        <div className=\\"umi-plugin-layout-right\\">
          <Spin size=\\"small\\" style={{ marginLeft: 8, marginRight: 8 }} />
        </div>
      );
    }

    return (
      <div className=\\"umi-plugin-layout-right anticon\\">
        {runtimeLayout.logout ? (
          <Dropdown overlay={menu} overlayClassName=\\"umi-plugin-layout-container\\">
            {avatar}
          </Dropdown>
        ) : (
          avatar
        )}
        
      </div>
    );
  }
  "
`;
